2 : 'sé'
2 : 'sé'
2 : 'mā'
2 : 'ごじ'
2 : 'x͡y'
2 : 'bǘ'
2 : 'bǘ'
2 : 'bǘ'
2 : 'x͢z'
2 : '3x⃗'
2 : 'निअॆ'
2 : '😹😴'
2 : 'ạ̧́̇̀̀̄ķ̸̣́́'
