'ab' < 'bc'
'Ab' < 'ab'
'sé' > 'se'
'sé' < 'sf'
'sé' > 'sed'
'sé' > 'sè'
'sė' > 'sē'
'sė́' > 'sē'
'sȩ́' > 'sē'
'sȩ́' = 'sȩ́'
'😹' > '😴'
'a' > ''
'' < 'a'
