1-1: a
1-2: aá
1-3: aáē
1-4: aáēì̧
1-5: aáēì̧😹
1-6: aáēì̧😹नि
1-7: aáēì̧😹निअॆ
1-8: aáēì̧😹निअॆz
2-2: á
2-3: áē
2-4: áēì̧
2-5: áēì̧😹
2-6: áēì̧😹नि
2-7: áēì̧😹निअॆ
2-8: áēì̧😹निअॆz
3-3: ē
3-4: ēì̧
3-5: ēì̧😹
3-6: ēì̧😹नि
3-7: ēì̧😹निअॆ
3-8: ēì̧😹निअॆz
4-4: ì̧
4-5: ì̧😹
4-6: ì̧😹नि
4-7: ì̧😹निअॆ
4-8: ì̧😹निअॆz
5-5: 😹
5-6: 😹नि
5-7: 😹निअॆ
5-8: 😹निअॆz
6-6: नि
6-7: निअॆ
6-8: निअॆz
7-7: अॆ
7-8: अॆz
8-8: z
