test"quotes"hello""world
And a new
line
	Tabs	here
