The pair 1 and 2
(3, 4) from pair(3, 4)
Pair starting 5! (5,6)
(7, 8) from pair(7, 8)
Pair of pairs, second starting 3. pair(1, 2) pair(3, 4) 3 4
